// Jest Snapshot v1, https://goo.gl/fbAQLP

exports[`Componente Anual Deve renderizar adequadamente 1`] = `
<Anual
  data_final="2017-09-03"
  data_inicial="2016-09-03"
  periodos={
    Object {
      "2016": Object {
        "10": Object {
          "2016-10-12": 1,
          "2016-10-23": 38,
        },
        "12": Object {
          "2016-12-02": 17,
        },
      },
      "2017": Object {
        "01": Object {
          "2017-01-05": 8,
        },
      },
    }
  }
>
  <span>
    Hello, √Årvore de Livros
  </span>
</Anual>
`;
