// Jest Snapshot v1, https://goo.gl/fbAQLP

exports[`Componente Di√°rio Deve renderizar adequadamente 1`] = `
<Diario
  ano="2016"
  mes="10"
  periodo={
    Object {
      "2016-10-12": 1,
    }
  }
  semana="3"
>
  <svg
    height="20"
    width="20"
    x="0"
    xmlns="http://www.w3.org/2000/svg"
  >
    <rect
      fill="#3FC0D9"
      height="20"
      width="20"
    />
  </svg>
</Diario>
`;
