// Jest Snapshot v1, https://goo.gl/fbAQLP

exports[`Componente Gráfico Deve renderizar adequadamente 1`] = `
<Grafico>
  <span>
    Hello, Árvore de Livros
  </span>
</Grafico>
`;
