// Jest Snapshot v1, https://goo.gl/fbAQLP

exports[`Componente Semanal Deve renderizar adequadamente 1`] = `
<Semanal
  ano="2016"
  mes="10"
  periodosSemana={
    Object {
      "3": Object {
        "2016-10-12": 1,
      },
    }
  }
>
  <span>
    Hello, √Årvore de Livros
  </span>
</Semanal>
`;
